--- /tmp/test/lhs
+++ /tmp/test/rhs
@@ -1,4 +1,4 @@
 065d9fe0-9e41-4add-8a55-577dbcfe2149
-534792bd-d102-4efc-bc11-6af743959704
+7cc9d271-54c8-4685-99bf-70d872da0cc6
 9ee101a4-7d1a-45c0-8955-da779398a5ed
 c2249963-6459-4901-8263-85610a7a2ac9
