{
    "equal": [
        {
            "name": "lion",
            "uuid": "065d9fe0-9e41-4add-8a55-577dbcfe2149",
            "creator_username": "jotelha",
            "frozen_at": "1630851896.375779"
        },
        {
            "name": "she",
            "uuid": "9ee101a4-7d1a-45c0-8955-da779398a5ed",
            "creator_username": "jotelha",
            "frozen_at": "1630851892.800604"
        },
        {
            "name": "cat",
            "uuid": "c2249963-6459-4901-8263-85610a7a2ac9",
            "creator_username": "jotelha",
            "frozen_at": "1630851894.593098"
        }
    ],
    "changed": [
        {
            "name": "changed",
            "uuid": "af16c00d-f60d-41ce-83c6-2a7d9c5e1b0d",
            "creator_username": "jotelha",
            "frozen_at": "1630862808.395145"
        }
    ],
    "missing": [
        {
            "name": "people",
            "uuid": "534792bd-d102-4efc-bc11-6af743959704",
            "creator_username": "jotelha",
            "frozen_at": "1630851899.345241"
        }
    ]
}
